// Jest Snapshot v1, https://goo.gl/fbAQLP

exports[`icon render Icon 1`] = `
<svg
  className="wui-icon"
>
  <use
    xlinkHref="#wechat"
  />
</svg>
`;
